
> gvg-portal@0.1.0 build
> next build

Γû▓ Next.js 16.1.6 (Turbopack)
- Environments: .env.local

node.exe : ΓÜá The 
"middleware" file 
convention is 
deprecated. Please 
use "proxy" 
instead. Learn 
more: https://nextjs
.org/docs/messages/m
iddleware-to-proxy
At C:\Users\vipin\Ap
pData\Roaming\npm\np
m.ps1:24 char:5
+     & "node$exe"  
"$basedir/node_modul
es/npm/bin/npm-cli.j
s" $args
+     ~~~~~~~~~~~~~~
~~~~~~~~~~~~~~~~~~~~
~~~~~~~~~~~~~~~~~~~~
~~~~~~~~
    + CategoryInfo  
            : NotS  
  pecified: (ΓÜá    
 The "middle...l    
eware-to-proxy:    
String) [], Rem    
oteException
    + FullyQualifie 
   dErrorId : Nati  
  veCommandError
 
  Creating an optimized production build ...
Γ£ô Compiled successfully in 2.9s
  Running TypeScript ...
  Collecting page data using 15 workers ...
  Generating static pages using 15 workers (0/23) ...
  Generating static pages using 15 workers (5/23) 
  Generating static pages using 15 workers (11/23) 
Failed to fetch 
metal prices: 
TypeError: Cannot 
convert undefined 
or null to object
    at 
Object.entries 
(<anonymous>)
    at c (D:\GVGGlob
alGroup\gvg-portal\.
next\server\chunks\s
sr\[root-of-the-serv
er]__ff754c0c._.js:1
:3304)
    at async m (D:\G
VGGlobalGroup\gvg-po
rtal\.next\server\ch
unks\ssr\[root-of-th
e-server]__ff754c0c.
_.js:1:5427)
  Generating static pages using 15 workers (17/23) 
Γ£ô Generating static pages using 15 workers (23/23) in 1234.3ms
  Finalizing page optimization ...

Route (app)                    Revalidate  Expire
Γöî Γùï /
Γö£ Γùï /_not-found
Γö£ Γùï /about
Γö£ Γùï /admin
Γö£ Γùï /admin/deals
Γö£ ╞Æ /admin/deals/[id]
Γö£ ╞Æ /admin/deals/[id]/finance
Γö£ Γùï /admin/deals/create
Γö£ Γùï /admin/inventory
Γö£ Γùï /admin/metals                      5m      1y
Γö£ Γùï /admin/partners
Γö£ Γùï /admin/tech
Γö£ Γùï /contact
Γö£ Γùï /cookie-policy
Γö£ Γùï /disclaimer
Γö£ Γùï /locations
Γö£ Γùï /login
Γö£ Γùï /pricing
Γö£ Γùï /privacy
Γö£ Γùï /robots.txt
Γö£ Γùï /sitemap.xml
Γö£ Γùï /tech
Γöö Γùï /terms


╞Æ Proxy (Middleware)

Γùï  (Static)   prerendered as static content
╞Æ  (Dynamic)  server-rendered on demand

