
Running 2 tests using 2 workers

[1A[2K[1/2] [chromium] › tests\quotes.spec.ts:4:5 › Quote Submission and Admin Verification
[1A[2K[2/2] [chromium] › tests\quotes.spec.ts:56:5 › Contact Form Submission and Admin Verification
[1A[2K  1) [chromium] › tests\quotes.spec.ts:4:5 › Quote Submission and Admin Verification ───────────────

    Error: [2mexpect([22m[31mlocator[39m[2m).[22mtoBeVisible[2m([22m[2m)[22m failed

    Locator: locator('text=Request Received!')
    Expected: visible
    Timeout: 20000ms
    Error: element(s) not found

    Call log:
    [2m  - Expect "toBeVisible" with timeout 20000ms[22m
    [2m  - waiting for locator('text=Request Received!')[22m


      27 |
      28 |     // Verify Success Message (wait for server action response)
    > 29 |     await expect(page.locator('text=Request Received!')).toBeVisible({ timeout: 20000 })
         |                                                          ^
      30 |
      31 |     // 2. Login as Admin
      32 |     await page.goto('/login')
        at D:\GVGGlobalGroup\gvg-portal\tests\quotes.spec.ts:29:58

    attachment #1: screenshot (image/png) ──────────────────────────────────────────────────────────
    test-results\quotes-Quote-Submission-and-Admin-Verification-chromium\test-failed-1.png
    ────────────────────────────────────────────────────────────────────────────────────────────────

    attachment #2: video (video/webm) ──────────────────────────────────────────────────────────────
    test-results\quotes-Quote-Submission-and-Admin-Verification-chromium\video.webm
    ────────────────────────────────────────────────────────────────────────────────────────────────

    Error Context: test-results\quotes-Quote-Submission-and-Admin-Verification-chromium\error-context.md


[1A[2K  2) [chromium] › tests\quotes.spec.ts:56:5 › Contact Form Submission and Admin Verification ───────

    [31mTest timeout of 60000ms exceeded.[39m

    Error: page.click: Test timeout of 60000ms exceeded.
    Call log:
    [2m  - waiting for locator('button:has-text("Select Type")')[22m


      64 |
      65 |     // Inquiry Type Select
    > 66 |     await page.click('button:has-text("Select Type")')
         |                ^
      67 |     await page.click('div[role="option"]:has-text("General Inquiry")')
      68 |
      69 |     await page.fill('textarea[name="message"]', 'This is a general inquiry test message.')
        at D:\GVGGlobalGroup\gvg-portal\tests\quotes.spec.ts:66:16

    attachment #1: screenshot (image/png) ──────────────────────────────────────────────────────────
    test-results\quotes-Contact-Form-Submission-and-Admin-Verification-chromium\test-failed-1.png
    ────────────────────────────────────────────────────────────────────────────────────────────────

    attachment #2: video (video/webm) ──────────────────────────────────────────────────────────────
    test-results\quotes-Contact-Form-Submission-and-Admin-Verification-chromium\video.webm
    ────────────────────────────────────────────────────────────────────────────────────────────────

    Error Context: test-results\quotes-Contact-Form-Submission-and-Admin-Verification-chromium\error-context.md


[1A[2K  2 failed
    [chromium] › tests\quotes.spec.ts:4:5 › Quote Submission and Admin Verification ────────────────
    [chromium] › tests\quotes.spec.ts:56:5 › Contact Form Submission and Admin Verification ────────

[36m  Serving HTML report at http://localhost:53854. Press Ctrl+C to quit.[39m
